

Training to predict total_throughput
n_iterations: 8
n_required_iterations: 9
n_possible_iterations: 8
min_resources_: 10
max_resources_: 44761
aggressive_elimination: False
factor: 3
----------
iter: 0
n_candidates: 9216
n_resources: 10
Fitting 5 folds for each of 9216 candidates, totalling 46080 fits
----------
iter: 1
n_candidates: 3072
n_resources: 30
Fitting 5 folds for each of 3072 candidates, totalling 15360 fits
----------
iter: 2
n_candidates: 1024
n_resources: 90
Fitting 5 folds for each of 1024 candidates, totalling 5120 fits
----------
iter: 3
n_candidates: 342
n_resources: 270
Fitting 5 folds for each of 342 candidates, totalling 1710 fits
----------
iter: 4
n_candidates: 114
n_resources: 810
Fitting 5 folds for each of 114 candidates, totalling 570 fits
----------
iter: 5
n_candidates: 38
n_resources: 2430
Fitting 5 folds for each of 38 candidates, totalling 190 fits
----------
iter: 6
n_candidates: 13
n_resources: 7290
Fitting 5 folds for each of 13 candidates, totalling 65 fits
----------
iter: 7
n_candidates: 5
n_resources: 21870
Fitting 5 folds for each of 5 candidates, totalling 25 fits
Training finished. Obtained results in test: R2 -> 0.8282083507360108; SMAPE -> 6.844192991811691; time -> 1.6985629979324968


Training to predict itl
n_iterations: 8
n_required_iterations: 9
n_possible_iterations: 8
min_resources_: 10
max_resources_: 44761
aggressive_elimination: False
factor: 3
----------
iter: 0
n_candidates: 9216
n_resources: 10
Fitting 5 folds for each of 9216 candidates, totalling 46080 fits
----------
iter: 1
n_candidates: 3072
n_resources: 30
Fitting 5 folds for each of 3072 candidates, totalling 15360 fits
----------
iter: 2
n_candidates: 1024
n_resources: 90
Fitting 5 folds for each of 1024 candidates, totalling 5120 fits
----------
iter: 3
n_candidates: 342
n_resources: 270
Fitting 5 folds for each of 342 candidates, totalling 1710 fits
----------
iter: 4
n_candidates: 114
n_resources: 810
Fitting 5 folds for each of 114 candidates, totalling 570 fits
----------
iter: 5
n_candidates: 38
n_resources: 2430
Fitting 5 folds for each of 38 candidates, totalling 190 fits
----------
iter: 6
n_candidates: 13
n_resources: 7290
Fitting 5 folds for each of 13 candidates, totalling 65 fits
----------
iter: 7
n_candidates: 5
n_resources: 21870
Fitting 5 folds for each of 5 candidates, totalling 25 fits
Training finished. Obtained results in test: R2 -> 0.7238955118833534; SMAPE -> 11.00104310053202; time -> 0.5014932021162564


Training to predict ttft
n_iterations: 8
n_required_iterations: 9
n_possible_iterations: 8
min_resources_: 10
max_resources_: 44761
aggressive_elimination: False
factor: 3
----------
iter: 0
n_candidates: 9216
n_resources: 10
Fitting 5 folds for each of 9216 candidates, totalling 46080 fits
----------
iter: 1
n_candidates: 3072
n_resources: 30
Fitting 5 folds for each of 3072 candidates, totalling 15360 fits
----------
iter: 2
n_candidates: 1024
n_resources: 90
Fitting 5 folds for each of 1024 candidates, totalling 5120 fits
----------
iter: 3
n_candidates: 342
n_resources: 270
Fitting 5 folds for each of 342 candidates, totalling 1710 fits
----------
iter: 4
n_candidates: 114
n_resources: 810
Fitting 5 folds for each of 114 candidates, totalling 570 fits
----------
iter: 5
n_candidates: 38
n_resources: 2430
Fitting 5 folds for each of 38 candidates, totalling 190 fits
----------
iter: 6
n_candidates: 13
n_resources: 7290
Fitting 5 folds for each of 13 candidates, totalling 65 fits
----------
iter: 7
n_candidates: 5
n_resources: 21870
Fitting 5 folds for each of 5 candidates, totalling 25 fits
Training finished. Obtained results in test: R2 -> 0.4499904603147513; SMAPE -> 52.57192421093328; time -> 0.4868299483244581
